// Jest Snapshot v1, https://goo.gl/fbAQLP

exports[`snapshot test for working loss display properly renders when someone has lost game 1`] = `
<div>
  <div
    class="Snowman"
  >
    <img
      alt="6"
      src="6.png"
    />
    <p>
      Number of incorrect guesses so far: 6
    </p>
    <p
      class="Snowman-word"
    >
      _
      _
      _
      _
      _
    </p>
    <button>
       Reset 
    </button>
    <p>
      You lose. Correct word: apple
    </p>
  </div>
</div>
`;
